        1 file(s) copied.

û Connected to GitHub

A session for this runner already exists.
2026-09-04 11:08:32Z: Runner connect error: Error: Conflict. Retrying until reconnected.

û Connected to GitHub

A session for this runner already exists.

û Connected to GitHub

A session for this runner already exists.

û Connected to GitHub

A session for this runner already exists.

û Connected to GitHub

2026-09-04 11:10:38Z: Runner reconnected.
Current runner version: '2.337.0'
2026-09-04 11:10:38Z: Listening for Jobs
2026-09-04 11:15:04Z: Running job: consume-secret
2026-09-04 11:15:09Z: Job consume-secret completed with result: Succeeded
2026-09-04 11:15:11Z: Running job: consume-secret
2026-09-04 11:15:16Z: Job consume-secret completed with result: Succeeded
2026-09-04 11:15:54Z: Running job: consume-secret
2026-09-04 11:15:59Z: Job consume-secret completed with result: Succeeded
2026-09-04 11:16:16Z: Running job: consume-secret
2026-09-04 11:16:21Z: Job consume-secret completed with result: Succeeded
